// Jest Snapshot v1, https://goo.gl/fbAQLP

exports[`test Card component matches snapshot 1`] = `
<div
  draggable={true}
  onDragStart={[Function]}
  onDrop={[Function]}
/>
`;
